<!doctype html public "-//w3c//dtd html 4.0 transitional//en">
<html><head>
<title>Static Call Graph - [.\Objects\LedBlink.axf]</title></head>
<body><HR>
<H1>Static Call Graph for image .\Objects\LedBlink.axf</H1><HR>
<BR><P>#&#060CALLGRAPH&#062# ARM Linker, 5060960: Last Updated: Sun Sep 28 15:55:54 2025
<BR><P>
<H3>Maximum Stack Usage =         64 bytes + Unknown(Cycles, Untraceable Function Pointers)</H3><H3>
Call chain for Maximum Stack Depth:</H3>
main &rArr; LedInit &rArr; GPIO_InitPeripheral
<P>
<H3>
Mutually Recursive functions
</H3> <LI><a href="#[1b]">ADC_IRQHandler</a>&nbsp;&nbsp;&nbsp;&rArr;&nbsp;&nbsp;&nbsp;<a href="#[1b]">ADC_IRQHandler</a><BR>
</UL>
<P>
<H3>
Function Pointers
</H3><UL>
 <LI><a href="#[1b]">ADC_IRQHandler</a> from startup_n32g030.o(.text) referenced from startup_n32g030.o(RESET)
 <LI><a href="#[25]">COMP_IRQHandler</a> from startup_n32g030.o(.text) referenced from startup_n32g030.o(RESET)
 <LI><a href="#[11]">DMA_Channel1_2_3_4_IRQHandler</a> from startup_n32g030.o(.text) referenced from startup_n32g030.o(RESET)
 <LI><a href="#[10]">DMA_Channel1_2_IRQHandler</a> from startup_n32g030.o(.text) referenced from startup_n32g030.o(RESET)
 <LI><a href="#[15]">DMA_Channel3_4_IRQHandler</a> from startup_n32g030.o(.text) referenced from startup_n32g030.o(RESET)
 <LI><a href="#[12]">DMA_Channel5_IRQHandler</a> from startup_n32g030.o(.text) referenced from startup_n32g030.o(RESET)
 <LI><a href="#[c]">EXTI0_1_IRQHandler</a> from startup_n32g030.o(.text) referenced from startup_n32g030.o(RESET)
 <LI><a href="#[d]">EXTI2_3_IRQHandler</a> from startup_n32g030.o(.text) referenced from startup_n32g030.o(RESET)
 <LI><a href="#[e]">EXTI4_15_IRQHandler</a> from startup_n32g030.o(.text) referenced from startup_n32g030.o(RESET)
 <LI><a href="#[a]">FLASH_IRQHandler</a> from startup_n32g030.o(.text) referenced from startup_n32g030.o(RESET)
 <LI><a href="#[20]">HDIV_SQRT_IRQHandler</a> from startup_n32g030.o(.text) referenced from startup_n32g030.o(RESET)
 <LI><a href="#[2]">HardFault_Handler</a> from n32g030_it.o(i.HardFault_Handler) referenced from startup_n32g030.o(RESET)
 <LI><a href="#[1d]">I2C1_IRQHandler</a> from startup_n32g030.o(.text) referenced from startup_n32g030.o(RESET)
 <LI><a href="#[1e]">I2C2_IRQHandler</a> from startup_n32g030.o(.text) referenced from startup_n32g030.o(RESET)
 <LI><a href="#[1a]">LPTIM_TIM6_IRQHandler</a> from startup_n32g030.o(.text) referenced from startup_n32g030.o(RESET)
 <LI><a href="#[23]">LPUART_IRQHandler</a> from startup_n32g030.o(.text) referenced from startup_n32g030.o(RESET)
 <LI><a href="#[9]">MMU_IRQHandler</a> from startup_n32g030.o(.text) referenced from startup_n32g030.o(RESET)
 <LI><a href="#[1]">NMI_Handler</a> from n32g030_it.o(i.NMI_Handler) referenced from startup_n32g030.o(RESET)
 <LI><a href="#[7]">PVD_IRQHandler</a> from startup_n32g030.o(.text) referenced from startup_n32g030.o(RESET)
 <LI><a href="#[4]">PendSV_Handler</a> from n32g030_it.o(i.PendSV_Handler) referenced from startup_n32g030.o(RESET)
 <LI><a href="#[21]">RAMC_PERR_IRQHandler</a> from startup_n32g030.o(.text) referenced from startup_n32g030.o(RESET)
 <LI><a href="#[b]">RCC_IRQHandler</a> from startup_n32g030.o(.text) referenced from startup_n32g030.o(RESET)
 <LI><a href="#[f]">RESERVE9_IRQHandler</a> from startup_n32g030.o(.text) referenced from startup_n32g030.o(RESET)
 <LI><a href="#[8]">RTC_IRQHandler</a> from startup_n32g030.o(.text) referenced from startup_n32g030.o(RESET)
 <LI><a href="#[0]">Reset_Handler</a> from startup_n32g030.o(.text) referenced from startup_n32g030.o(RESET)
 <LI><a href="#[1f]">SPI1_IRQHandler</a> from startup_n32g030.o(.text) referenced from startup_n32g030.o(RESET)
 <LI><a href="#[1c]">SPI2_IRQHandler</a> from startup_n32g030.o(.text) referenced from startup_n32g030.o(RESET)
 <LI><a href="#[3]">SVC_Handler</a> from n32g030_it.o(i.SVC_Handler) referenced from startup_n32g030.o(RESET)
 <LI><a href="#[5]">SysTick_Handler</a> from n32g030_it.o(i.SysTick_Handler) referenced from startup_n32g030.o(RESET)
 <LI><a href="#[27]">SystemInit</a> from system_n32g030.o(i.SystemInit) referenced from startup_n32g030.o(.text)
 <LI><a href="#[13]">TIM1_BRK_UP_TRG_COM_IRQHandler</a> from startup_n32g030.o(.text) referenced from startup_n32g030.o(RESET)
 <LI><a href="#[14]">TIM1_CC_IRQHandler</a> from startup_n32g030.o(.text) referenced from startup_n32g030.o(RESET)
 <LI><a href="#[16]">TIM3_IRQHandler</a> from startup_n32g030.o(.text) referenced from startup_n32g030.o(RESET)
 <LI><a href="#[18]">TIM8_BRK_UP_TRG_COM_IRQHandler</a> from startup_n32g030.o(.text) referenced from startup_n32g030.o(RESET)
 <LI><a href="#[19]">TIM8_CC_IRQHandler</a> from startup_n32g030.o(.text) referenced from startup_n32g030.o(RESET)
 <LI><a href="#[22]">USART1_2_IRQHandler</a> from startup_n32g030.o(.text) referenced from startup_n32g030.o(RESET)
 <LI><a href="#[24]">USART1_IRQHandler</a> from startup_n32g030.o(.text) referenced from startup_n32g030.o(RESET)
 <LI><a href="#[17]">USART2_IRQHandler</a> from startup_n32g030.o(.text) referenced from startup_n32g030.o(RESET)
 <LI><a href="#[6]">WWDG_IRQHandler</a> from startup_n32g030.o(.text) referenced from startup_n32g030.o(RESET)
 <LI><a href="#[28]">__main</a> from entry.o(.ARM.Collect$$$$00000000) referenced from startup_n32g030.o(.text)
 <LI><a href="#[26]">main</a> from main.o(i.main) referenced from entry9a.o(.ARM.Collect$$$$0000000B)
</UL>
<P>
<H3>
Global Symbols
</H3>
<P><STRONG><a name="[28]"></a>__main</STRONG> (Thumb, 0 bytes, Stack size unknown bytes, entry.o(.ARM.Collect$$$$00000000))
<BR>[Address Reference Count : 1]<UL><LI> startup_n32g030.o(.text)
</UL>
<P><STRONG><a name="[39]"></a>_main_stk</STRONG> (Thumb, 0 bytes, Stack size unknown bytes, entry2.o(.ARM.Collect$$$$00000001))

<P><STRONG><a name="[29]"></a>_main_scatterload</STRONG> (Thumb, 0 bytes, Stack size unknown bytes, entry5.o(.ARM.Collect$$$$00000004))
<BR><BR>[Calls]<UL><LI><a href="#[2a]">&gt;&gt;</a>&nbsp;&nbsp;&nbsp;__scatterload
</UL>

<P><STRONG><a name="[2d]"></a>__main_after_scatterload</STRONG> (Thumb, 0 bytes, Stack size unknown bytes, entry5.o(.ARM.Collect$$$$00000004))
<BR><BR>[Called By]<UL><LI><a href="#[2a]">&gt;&gt;</a>&nbsp;&nbsp;&nbsp;__scatterload
</UL>

<P><STRONG><a name="[3a]"></a>_main_clock</STRONG> (Thumb, 0 bytes, Stack size unknown bytes, entry7b.o(.ARM.Collect$$$$00000008))

<P><STRONG><a name="[3b]"></a>_main_cpp_init</STRONG> (Thumb, 0 bytes, Stack size unknown bytes, entry8b.o(.ARM.Collect$$$$0000000A))

<P><STRONG><a name="[3c]"></a>_main_init</STRONG> (Thumb, 0 bytes, Stack size unknown bytes, entry9a.o(.ARM.Collect$$$$0000000B))

<P><STRONG><a name="[2b]"></a>__rt_lib_shutdown_fini</STRONG> (Thumb, 0 bytes, Stack size unknown bytes, entry12b.o(.ARM.Collect$$$$0000000E))
<BR><BR>[Calls]<UL><LI><a href="#[2c]">&gt;&gt;</a>&nbsp;&nbsp;&nbsp;__arm_fini_ (Weak Reference)
</UL>

<P><STRONG><a name="[3d]"></a>__rt_final_cpp</STRONG> (Thumb, 0 bytes, Stack size unknown bytes, entry10a.o(.ARM.Collect$$$$0000000F))

<P><STRONG><a name="[3e]"></a>__rt_final_exit</STRONG> (Thumb, 0 bytes, Stack size unknown bytes, entry11a.o(.ARM.Collect$$$$00000011))

<P><STRONG><a name="[0]"></a>Reset_Handler</STRONG> (Thumb, 8 bytes, Stack size 0 bytes, startup_n32g030.o(.text))
<BR>[Address Reference Count : 1]<UL><LI> startup_n32g030.o(RESET)
</UL>
<P><STRONG><a name="[1b]"></a>ADC_IRQHandler</STRONG> (Thumb, 0 bytes, Stack size 0 bytes, startup_n32g030.o(.text))
<BR><BR>[Calls]<UL><LI><a href="#[1b]">&gt;&gt;</a>&nbsp;&nbsp;&nbsp;ADC_IRQHandler
</UL>
<BR>[Called By]<UL><LI><a href="#[1b]">&gt;&gt;</a>&nbsp;&nbsp;&nbsp;ADC_IRQHandler
</UL>
<BR>[Address Reference Count : 1]<UL><LI> startup_n32g030.o(RESET)
</UL>
<P><STRONG><a name="[25]"></a>COMP_IRQHandler</STRONG> (Thumb, 0 bytes, Stack size 0 bytes, startup_n32g030.o(.text))
<BR>[Address Reference Count : 1]<UL><LI> startup_n32g030.o(RESET)
</UL>
<P><STRONG><a name="[11]"></a>DMA_Channel1_2_3_4_IRQHandler</STRONG> (Thumb, 0 bytes, Stack size 0 bytes, startup_n32g030.o(.text))
<BR>[Address Reference Count : 1]<UL><LI> startup_n32g030.o(RESET)
</UL>
<P><STRONG><a name="[10]"></a>DMA_Channel1_2_IRQHandler</STRONG> (Thumb, 0 bytes, Stack size 0 bytes, startup_n32g030.o(.text))
<BR>[Address Reference Count : 1]<UL><LI> startup_n32g030.o(RESET)
</UL>
<P><STRONG><a name="[15]"></a>DMA_Channel3_4_IRQHandler</STRONG> (Thumb, 0 bytes, Stack size 0 bytes, startup_n32g030.o(.text))
<BR>[Address Reference Count : 1]<UL><LI> startup_n32g030.o(RESET)
</UL>
<P><STRONG><a name="[12]"></a>DMA_Channel5_IRQHandler</STRONG> (Thumb, 0 bytes, Stack size 0 bytes, startup_n32g030.o(.text))
<BR>[Address Reference Count : 1]<UL><LI> startup_n32g030.o(RESET)
</UL>
<P><STRONG><a name="[c]"></a>EXTI0_1_IRQHandler</STRONG> (Thumb, 0 bytes, Stack size 0 bytes, startup_n32g030.o(.text))
<BR>[Address Reference Count : 1]<UL><LI> startup_n32g030.o(RESET)
</UL>
<P><STRONG><a name="[d]"></a>EXTI2_3_IRQHandler</STRONG> (Thumb, 0 bytes, Stack size 0 bytes, startup_n32g030.o(.text))
<BR>[Address Reference Count : 1]<UL><LI> startup_n32g030.o(RESET)
</UL>
<P><STRONG><a name="[e]"></a>EXTI4_15_IRQHandler</STRONG> (Thumb, 0 bytes, Stack size 0 bytes, startup_n32g030.o(.text))
<BR>[Address Reference Count : 1]<UL><LI> startup_n32g030.o(RESET)
</UL>
<P><STRONG><a name="[a]"></a>FLASH_IRQHandler</STRONG> (Thumb, 0 bytes, Stack size 0 bytes, startup_n32g030.o(.text))
<BR>[Address Reference Count : 1]<UL><LI> startup_n32g030.o(RESET)
</UL>
<P><STRONG><a name="[20]"></a>HDIV_SQRT_IRQHandler</STRONG> (Thumb, 0 bytes, Stack size 0 bytes, startup_n32g030.o(.text))
<BR>[Address Reference Count : 1]<UL><LI> startup_n32g030.o(RESET)
</UL>
<P><STRONG><a name="[1d]"></a>I2C1_IRQHandler</STRONG> (Thumb, 0 bytes, Stack size 0 bytes, startup_n32g030.o(.text))
<BR>[Address Reference Count : 1]<UL><LI> startup_n32g030.o(RESET)
</UL>
<P><STRONG><a name="[1e]"></a>I2C2_IRQHandler</STRONG> (Thumb, 0 bytes, Stack size 0 bytes, startup_n32g030.o(.text))
<BR>[Address Reference Count : 1]<UL><LI> startup_n32g030.o(RESET)
</UL>
<P><STRONG><a name="[1a]"></a>LPTIM_TIM6_IRQHandler</STRONG> (Thumb, 0 bytes, Stack size 0 bytes, startup_n32g030.o(.text))
<BR>[Address Reference Count : 1]<UL><LI> startup_n32g030.o(RESET)
</UL>
<P><STRONG><a name="[23]"></a>LPUART_IRQHandler</STRONG> (Thumb, 0 bytes, Stack size 0 bytes, startup_n32g030.o(.text))
<BR>[Address Reference Count : 1]<UL><LI> startup_n32g030.o(RESET)
</UL>
<P><STRONG><a name="[9]"></a>MMU_IRQHandler</STRONG> (Thumb, 0 bytes, Stack size 0 bytes, startup_n32g030.o(.text))
<BR>[Address Reference Count : 1]<UL><LI> startup_n32g030.o(RESET)
</UL>
<P><STRONG><a name="[7]"></a>PVD_IRQHandler</STRONG> (Thumb, 0 bytes, Stack size 0 bytes, startup_n32g030.o(.text))
<BR>[Address Reference Count : 1]<UL><LI> startup_n32g030.o(RESET)
</UL>
<P><STRONG><a name="[21]"></a>RAMC_PERR_IRQHandler</STRONG> (Thumb, 0 bytes, Stack size 0 bytes, startup_n32g030.o(.text))
<BR>[Address Reference Count : 1]<UL><LI> startup_n32g030.o(RESET)
</UL>
<P><STRONG><a name="[b]"></a>RCC_IRQHandler</STRONG> (Thumb, 0 bytes, Stack size 0 bytes, startup_n32g030.o(.text))
<BR>[Address Reference Count : 1]<UL><LI> startup_n32g030.o(RESET)
</UL>
<P><STRONG><a name="[f]"></a>RESERVE9_IRQHandler</STRONG> (Thumb, 0 bytes, Stack size 0 bytes, startup_n32g030.o(.text))
<BR>[Address Reference Count : 1]<UL><LI> startup_n32g030.o(RESET)
</UL>
<P><STRONG><a name="[8]"></a>RTC_IRQHandler</STRONG> (Thumb, 0 bytes, Stack size 0 bytes, startup_n32g030.o(.text))
<BR>[Address Reference Count : 1]<UL><LI> startup_n32g030.o(RESET)
</UL>
<P><STRONG><a name="[1f]"></a>SPI1_IRQHandler</STRONG> (Thumb, 0 bytes, Stack size 0 bytes, startup_n32g030.o(.text))
<BR>[Address Reference Count : 1]<UL><LI> startup_n32g030.o(RESET)
</UL>
<P><STRONG><a name="[1c]"></a>SPI2_IRQHandler</STRONG> (Thumb, 0 bytes, Stack size 0 bytes, startup_n32g030.o(.text))
<BR>[Address Reference Count : 1]<UL><LI> startup_n32g030.o(RESET)
</UL>
<P><STRONG><a name="[13]"></a>TIM1_BRK_UP_TRG_COM_IRQHandler</STRONG> (Thumb, 0 bytes, Stack size 0 bytes, startup_n32g030.o(.text))
<BR>[Address Reference Count : 1]<UL><LI> startup_n32g030.o(RESET)
</UL>
<P><STRONG><a name="[14]"></a>TIM1_CC_IRQHandler</STRONG> (Thumb, 0 bytes, Stack size 0 bytes, startup_n32g030.o(.text))
<BR>[Address Reference Count : 1]<UL><LI> startup_n32g030.o(RESET)
</UL>
<P><STRONG><a name="[16]"></a>TIM3_IRQHandler</STRONG> (Thumb, 0 bytes, Stack size 0 bytes, startup_n32g030.o(.text))
<BR>[Address Reference Count : 1]<UL><LI> startup_n32g030.o(RESET)
</UL>
<P><STRONG><a name="[18]"></a>TIM8_BRK_UP_TRG_COM_IRQHandler</STRONG> (Thumb, 0 bytes, Stack size 0 bytes, startup_n32g030.o(.text))
<BR>[Address Reference Count : 1]<UL><LI> startup_n32g030.o(RESET)
</UL>
<P><STRONG><a name="[19]"></a>TIM8_CC_IRQHandler</STRONG> (Thumb, 0 bytes, Stack size 0 bytes, startup_n32g030.o(.text))
<BR>[Address Reference Count : 1]<UL><LI> startup_n32g030.o(RESET)
</UL>
<P><STRONG><a name="[22]"></a>USART1_2_IRQHandler</STRONG> (Thumb, 0 bytes, Stack size 0 bytes, startup_n32g030.o(.text))
<BR>[Address Reference Count : 1]<UL><LI> startup_n32g030.o(RESET)
</UL>
<P><STRONG><a name="[24]"></a>USART1_IRQHandler</STRONG> (Thumb, 0 bytes, Stack size 0 bytes, startup_n32g030.o(.text))
<BR>[Address Reference Count : 1]<UL><LI> startup_n32g030.o(RESET)
</UL>
<P><STRONG><a name="[17]"></a>USART2_IRQHandler</STRONG> (Thumb, 0 bytes, Stack size 0 bytes, startup_n32g030.o(.text))
<BR>[Address Reference Count : 1]<UL><LI> startup_n32g030.o(RESET)
</UL>
<P><STRONG><a name="[6]"></a>WWDG_IRQHandler</STRONG> (Thumb, 0 bytes, Stack size 0 bytes, startup_n32g030.o(.text))
<BR>[Address Reference Count : 1]<UL><LI> startup_n32g030.o(RESET)
</UL>
<P><STRONG><a name="[2a]"></a>__scatterload</STRONG> (Thumb, 28 bytes, Stack size 0 bytes, init.o(.text))
<BR><BR>[Calls]<UL><LI><a href="#[2d]">&gt;&gt;</a>&nbsp;&nbsp;&nbsp;__main_after_scatterload
</UL>
<BR>[Called By]<UL><LI><a href="#[29]">&gt;&gt;</a>&nbsp;&nbsp;&nbsp;_main_scatterload
</UL>

<P><STRONG><a name="[3f]"></a>__scatterload_rt2</STRONG> (Thumb, 0 bytes, Stack size 0 bytes, init.o(.text), UNUSED)

<P><STRONG><a name="[38]"></a>Delay</STRONG> (Thumb, 10 bytes, Stack size 0 bytes, main.o(i.Delay))
<BR><BR>[Called By]<UL><LI><a href="#[26]">&gt;&gt;</a>&nbsp;&nbsp;&nbsp;main
</UL>

<P><STRONG><a name="[2e]"></a>GPIO_InitPeripheral</STRONG> (Thumb, 810 bytes, Stack size 24 bytes, n32g030_gpio.o(i.GPIO_InitPeripheral))
<BR><BR>[Stack]<UL><LI>Max Depth = 24<LI>Call Chain = GPIO_InitPeripheral
</UL>
<BR>[Calls]<UL><LI><a href="#[2f]">&gt;&gt;</a>&nbsp;&nbsp;&nbsp;assert_failed
</UL>
<BR>[Called By]<UL><LI><a href="#[32]">&gt;&gt;</a>&nbsp;&nbsp;&nbsp;LedInit
</UL>

<P><STRONG><a name="[34]"></a>GPIO_InitStruct</STRONG> (Thumb, 24 bytes, Stack size 0 bytes, n32g030_gpio.o(i.GPIO_InitStruct))
<BR><BR>[Called By]<UL><LI><a href="#[32]">&gt;&gt;</a>&nbsp;&nbsp;&nbsp;LedInit
</UL>

<P><STRONG><a name="[30]"></a>GPIO_ResetBits</STRONG> (Thumb, 158 bytes, Stack size 16 bytes, n32g030_gpio.o(i.GPIO_ResetBits))
<BR><BR>[Stack]<UL><LI>Max Depth = 16<LI>Call Chain = GPIO_ResetBits
</UL>
<BR>[Calls]<UL><LI><a href="#[2f]">&gt;&gt;</a>&nbsp;&nbsp;&nbsp;assert_failed
</UL>
<BR>[Called By]<UL><LI><a href="#[35]">&gt;&gt;</a>&nbsp;&nbsp;&nbsp;LedOff
</UL>

<P><STRONG><a name="[31]"></a>GPIO_SetBits</STRONG> (Thumb, 158 bytes, Stack size 16 bytes, n32g030_gpio.o(i.GPIO_SetBits))
<BR><BR>[Stack]<UL><LI>Max Depth = 16<LI>Call Chain = GPIO_SetBits
</UL>
<BR>[Calls]<UL><LI><a href="#[2f]">&gt;&gt;</a>&nbsp;&nbsp;&nbsp;assert_failed
</UL>
<BR>[Called By]<UL><LI><a href="#[36]">&gt;&gt;</a>&nbsp;&nbsp;&nbsp;LedOn
</UL>

<P><STRONG><a name="[2]"></a>HardFault_Handler</STRONG> (Thumb, 4 bytes, Stack size 0 bytes, n32g030_it.o(i.HardFault_Handler))
<BR>[Address Reference Count : 1]<UL><LI> startup_n32g030.o(RESET)
</UL>
<P><STRONG><a name="[32]"></a>LedInit</STRONG> (Thumb, 142 bytes, Stack size 40 bytes, main.o(i.LedInit))
<BR><BR>[Stack]<UL><LI>Max Depth = 64<LI>Call Chain = LedInit &rArr; GPIO_InitPeripheral
</UL>
<BR>[Calls]<UL><LI><a href="#[33]">&gt;&gt;</a>&nbsp;&nbsp;&nbsp;RCC_EnableAPB2PeriphClk
<LI><a href="#[2f]">&gt;&gt;</a>&nbsp;&nbsp;&nbsp;assert_failed
<LI><a href="#[34]">&gt;&gt;</a>&nbsp;&nbsp;&nbsp;GPIO_InitStruct
<LI><a href="#[2e]">&gt;&gt;</a>&nbsp;&nbsp;&nbsp;GPIO_InitPeripheral
</UL>
<BR>[Called By]<UL><LI><a href="#[26]">&gt;&gt;</a>&nbsp;&nbsp;&nbsp;main
</UL>

<P><STRONG><a name="[35]"></a>LedOff</STRONG> (Thumb, 16 bytes, Stack size 16 bytes, main.o(i.LedOff))
<BR><BR>[Stack]<UL><LI>Max Depth = 32<LI>Call Chain = LedOff &rArr; GPIO_ResetBits
</UL>
<BR>[Calls]<UL><LI><a href="#[30]">&gt;&gt;</a>&nbsp;&nbsp;&nbsp;GPIO_ResetBits
</UL>
<BR>[Called By]<UL><LI><a href="#[26]">&gt;&gt;</a>&nbsp;&nbsp;&nbsp;main
</UL>

<P><STRONG><a name="[36]"></a>LedOn</STRONG> (Thumb, 16 bytes, Stack size 16 bytes, main.o(i.LedOn))
<BR><BR>[Stack]<UL><LI>Max Depth = 32<LI>Call Chain = LedOn &rArr; GPIO_SetBits
</UL>
<BR>[Calls]<UL><LI><a href="#[31]">&gt;&gt;</a>&nbsp;&nbsp;&nbsp;GPIO_SetBits
</UL>
<BR>[Called By]<UL><LI><a href="#[26]">&gt;&gt;</a>&nbsp;&nbsp;&nbsp;main
</UL>

<P><STRONG><a name="[1]"></a>NMI_Handler</STRONG> (Thumb, 2 bytes, Stack size 0 bytes, n32g030_it.o(i.NMI_Handler))
<BR>[Address Reference Count : 1]<UL><LI> startup_n32g030.o(RESET)
</UL>
<P><STRONG><a name="[4]"></a>PendSV_Handler</STRONG> (Thumb, 2 bytes, Stack size 0 bytes, n32g030_it.o(i.PendSV_Handler))
<BR>[Address Reference Count : 1]<UL><LI> startup_n32g030.o(RESET)
</UL>
<P><STRONG><a name="[33]"></a>RCC_EnableAPB2PeriphClk</STRONG> (Thumb, 80 bytes, Stack size 16 bytes, n32g030_rcc.o(i.RCC_EnableAPB2PeriphClk))
<BR><BR>[Stack]<UL><LI>Max Depth = 16<LI>Call Chain = RCC_EnableAPB2PeriphClk
</UL>
<BR>[Calls]<UL><LI><a href="#[2f]">&gt;&gt;</a>&nbsp;&nbsp;&nbsp;assert_failed
</UL>
<BR>[Called By]<UL><LI><a href="#[32]">&gt;&gt;</a>&nbsp;&nbsp;&nbsp;LedInit
</UL>

<P><STRONG><a name="[3]"></a>SVC_Handler</STRONG> (Thumb, 2 bytes, Stack size 0 bytes, n32g030_it.o(i.SVC_Handler))
<BR>[Address Reference Count : 1]<UL><LI> startup_n32g030.o(RESET)
</UL>
<P><STRONG><a name="[5]"></a>SysTick_Handler</STRONG> (Thumb, 2 bytes, Stack size 0 bytes, n32g030_it.o(i.SysTick_Handler))
<BR>[Address Reference Count : 1]<UL><LI> startup_n32g030.o(RESET)
</UL>
<P><STRONG><a name="[27]"></a>SystemInit</STRONG> (Thumb, 94 bytes, Stack size 8 bytes, system_n32g030.o(i.SystemInit))
<BR><BR>[Stack]<UL><LI>Max Depth = 16<LI>Call Chain = SystemInit &rArr; SetSysClock
</UL>
<BR>[Calls]<UL><LI><a href="#[37]">&gt;&gt;</a>&nbsp;&nbsp;&nbsp;SetSysClock
</UL>
<BR>[Address Reference Count : 1]<UL><LI> startup_n32g030.o(.text)
</UL>
<P><STRONG><a name="[40]"></a>__scatterload_copy</STRONG> (Thumb, 14 bytes, Stack size unknown bytes, handlers.o(i.__scatterload_copy), UNUSED)

<P><STRONG><a name="[41]"></a>__scatterload_null</STRONG> (Thumb, 2 bytes, Stack size unknown bytes, handlers.o(i.__scatterload_null), UNUSED)

<P><STRONG><a name="[42]"></a>__scatterload_zeroinit</STRONG> (Thumb, 14 bytes, Stack size unknown bytes, handlers.o(i.__scatterload_zeroinit), UNUSED)

<P><STRONG><a name="[2f]"></a>assert_failed</STRONG> (Thumb, 4 bytes, Stack size 0 bytes, main.o(i.assert_failed))
<BR><BR>[Called By]<UL><LI><a href="#[32]">&gt;&gt;</a>&nbsp;&nbsp;&nbsp;LedInit
<LI><a href="#[33]">&gt;&gt;</a>&nbsp;&nbsp;&nbsp;RCC_EnableAPB2PeriphClk
<LI><a href="#[31]">&gt;&gt;</a>&nbsp;&nbsp;&nbsp;GPIO_SetBits
<LI><a href="#[30]">&gt;&gt;</a>&nbsp;&nbsp;&nbsp;GPIO_ResetBits
<LI><a href="#[2e]">&gt;&gt;</a>&nbsp;&nbsp;&nbsp;GPIO_InitPeripheral
</UL>

<P><STRONG><a name="[26]"></a>main</STRONG> (Thumb, 84 bytes, Stack size 0 bytes, main.o(i.main))
<BR><BR>[Stack]<UL><LI>Max Depth = 64<LI>Call Chain = main &rArr; LedInit &rArr; GPIO_InitPeripheral
</UL>
<BR>[Calls]<UL><LI><a href="#[36]">&gt;&gt;</a>&nbsp;&nbsp;&nbsp;LedOn
<LI><a href="#[35]">&gt;&gt;</a>&nbsp;&nbsp;&nbsp;LedOff
<LI><a href="#[32]">&gt;&gt;</a>&nbsp;&nbsp;&nbsp;LedInit
<LI><a href="#[38]">&gt;&gt;</a>&nbsp;&nbsp;&nbsp;Delay
</UL>
<BR>[Address Reference Count : 1]<UL><LI> entry9a.o(.ARM.Collect$$$$0000000B)
</UL><P>
<H3>
Local Symbols
</H3>
<P><STRONG><a name="[37]"></a>SetSysClock</STRONG> (Thumb, 214 bytes, Stack size 8 bytes, system_n32g030.o(i.SetSysClock))
<BR><BR>[Stack]<UL><LI>Max Depth = 8<LI>Call Chain = SetSysClock
</UL>
<BR>[Called By]<UL><LI><a href="#[27]">&gt;&gt;</a>&nbsp;&nbsp;&nbsp;SystemInit
</UL>
<P>
<H3>
Undefined Global Symbols
</H3>
<P><STRONG><a name="[2c]"></a>__arm_fini_</STRONG> (Unknown, 0 bytes, Stack size 0 bytes, UNDEFINED)
<BR><BR>[Called By]<UL><LI><a href="#[2b]">&gt;&gt;</a>&nbsp;&nbsp;&nbsp;__rt_lib_shutdown_fini
</UL>
<HR></body></html>
