<html>
<body>
<pre>
<h1>µVision Build Log</h1>
<h2>Tool Versions:</h2>
IDE-Version: ¦ÌVision V5.41.0.0
Copyright (C) 2024 ARM Ltd and ARM Germany GmbH. All rights reserved.
License Information: y ys, a, LIC=FYKYW-QPNRM-63GMB-29I40-V7YGQ-SSR0W
 
Tool Versions:
Toolchain:       MDK-ARM Plus  Version: 5.41.0.0
Toolchain Path:  D:\Program Files\Keil\ARM\ARM_Compiler_5.06u7\Bin
C Compiler:      Armcc.exe V5.06 update 7 (build 960)
Assembler:       Armasm.exe V5.06 update 7 (build 960)
Linker/Locator:  ArmLink.exe V5.06 update 7 (build 960)
Library Manager: ArmAr.exe V5.06 update 7 (build 960)
Hex Converter:   FromElf.exe V5.06 update 7 (build 960)
CPU DLL:         SARMCM3.DLL V5.41.0.0
Dialog DLL:      DARMCM1.DLL V1.19.6.0
Target DLL:      CMSIS_AGDI.dll V1.33.21.0
Dialog DLL:      TARMCM1.DLL V1.14.6.0
 
<h2>Project:</h2>
D:\ÎÄµµ\Ð¾Æ¬\N32G03x\N32G030_SDK\Nationstech.N32G030_Library.1.1.3\projects\n32g030_EVAL\examples\GPIO\LedBlink\MDK-ARM\LedBlink.uvprojx
Project File Date:  09/28/2025

<h2>Output:</h2>
*** Using Compiler 'V5.06 update 7 (build 960)', folder: 'D:\Program Files\Keil\ARM\ARM_Compiler_5.06u7\Bin'
Rebuild target 'N32G030'
assembling startup_n32g030.s...
compiling main.c...
compiling system_n32g030.c...
compiling n32g030_it.c...
compiling n32g030_gpio.c...
compiling n32g030_rcc.c...
linking...
Program Size: Code=2688 RO-data=368 RW-data=4 ZI-data=1028  
FromELF: creating hex file...
After Build - User command #1: fromelf --bin -o "D:\bin file\LedBlink.bin" "D:\ÎÄµµ\Ð¾Æ¬\N32G03x\N32G030_SDK\Nationstech.N32G030_Library.1.1.3\projects\n32g030_EVAL\examples\GPIO\LedBlink\MDK-ARM\Objects\LedBlink.axf"
".\Objects\LedBlink.axf" - 0 Error(s), 0 Warning(s).

<h2>Software Packages used:</h2>

Package Vendor: Nationstech
                http://www.keil.com/pack/Nationstech.N32G030_DFP.1.0.3.pack
                Nationstech::N32G030_DFP@1.0.3
                Nationstech N32G030 Series Device Support, Drivers and Examples

<h2>Collection of Component include folders:</h2>
  D:/Program Files/Keil/Nationstech/N32G030_DFP/1.0.3/firmware/CMSIS/device

<h2>Collection of Component Files used:</h2>
Build Time Elapsed:  00:00:01
</pre>
</body>
</html>
