Component: ARM Compiler 5.06 update 7 (build 960) Tool: armlink [4d3601]

==============================================================================

Section Cross References

    startup_n32g030.o(RESET) refers to startup_n32g030.o(STACK) for __initial_sp
    startup_n32g030.o(RESET) refers to startup_n32g030.o(.text) for Reset_Handler
    startup_n32g030.o(RESET) refers to n32g030_it.o(i.NMI_Handler) for NMI_Handler
    startup_n32g030.o(RESET) refers to n32g030_it.o(i.HardFault_Handler) for HardFault_Handler
    startup_n32g030.o(RESET) refers to n32g030_it.o(i.SVC_Handler) for SVC_Handler
    startup_n32g030.o(RESET) refers to n32g030_it.o(i.PendSV_Handler) for PendSV_Handler
    startup_n32g030.o(RESET) refers to n32g030_it.o(i.SysTick_Handler) for SysTick_Handler
    startup_n32g030.o(.text) refers to system_n32g030.o(i.SystemInit) for SystemInit
    startup_n32g030.o(.text) refers to entry.o(.ARM.Collect$$$$00000000) for __main
    system_n32g030.o(i.SystemCoreClockUpdate) refers to uidiv.o(.text) for __aeabi_uidivmod
    system_n32g030.o(i.SystemCoreClockUpdate) refers to system_n32g030.o(.data) for SystemCoreClock
    system_n32g030.o(i.SystemCoreClockUpdate) refers to system_n32g030.o(.constdata) for AHBPrescTable
    system_n32g030.o(i.SystemInit) refers to system_n32g030.o(i.SetSysClock) for SetSysClock
    n32g030_gpio.o(i.AFIO_ConfigADCExternalTrigRemap) refers to main.o(i.assert_failed) for assert_failed
    n32g030_gpio.o(i.AFIO_ConfigADCExternalTrigRemap) refers to n32g030_gpio.o(.conststring) for .conststring
    n32g030_gpio.o(i.AFIO_ConfigSPINSSMode) refers to main.o(i.assert_failed) for assert_failed
    n32g030_gpio.o(i.AFIO_ConfigSPINSSMode) refers to n32g030_gpio.o(.conststring) for .conststring
    n32g030_gpio.o(i.GPIO_AFIOInitDefault) refers to n32g030_rcc.o(i.RCC_EnableAPB2PeriphReset) for RCC_EnableAPB2PeriphReset
    n32g030_gpio.o(i.GPIO_ConfigEXTILine) refers to main.o(i.assert_failed) for assert_failed
    n32g030_gpio.o(i.GPIO_ConfigEXTILine) refers to n32g030_gpio.o(.conststring) for .conststring
    n32g030_gpio.o(i.GPIO_ConfigPinLock) refers to main.o(i.assert_failed) for assert_failed
    n32g030_gpio.o(i.GPIO_ConfigPinLock) refers to n32g030_gpio.o(.conststring) for .conststring
    n32g030_gpio.o(i.GPIO_ConfigPinRemap) refers to main.o(i.assert_failed) for assert_failed
    n32g030_gpio.o(i.GPIO_ConfigPinRemap) refers to n32g030_gpio.o(.conststring) for .conststring
    n32g030_gpio.o(i.GPIO_DeInit) refers to main.o(i.assert_failed) for assert_failed
    n32g030_gpio.o(i.GPIO_DeInit) refers to n32g030_rcc.o(i.RCC_EnableAPB2PeriphReset) for RCC_EnableAPB2PeriphReset
    n32g030_gpio.o(i.GPIO_DeInit) refers to n32g030_gpio.o(.conststring) for .conststring
    n32g030_gpio.o(i.GPIO_DeInitPin) refers to main.o(i.assert_failed) for assert_failed
    n32g030_gpio.o(i.GPIO_DeInitPin) refers to n32g030_gpio.o(.conststring) for .conststring
    n32g030_gpio.o(i.GPIO_InitPeripheral) refers to main.o(i.assert_failed) for assert_failed
    n32g030_gpio.o(i.GPIO_InitPeripheral) refers to n32g030_gpio.o(.conststring) for .conststring
    n32g030_gpio.o(i.GPIO_ReadInputData) refers to main.o(i.assert_failed) for assert_failed
    n32g030_gpio.o(i.GPIO_ReadInputData) refers to n32g030_gpio.o(.conststring) for .conststring
    n32g030_gpio.o(i.GPIO_ReadInputDataBit) refers to main.o(i.assert_failed) for assert_failed
    n32g030_gpio.o(i.GPIO_ReadInputDataBit) refers to n32g030_gpio.o(.conststring) for .conststring
    n32g030_gpio.o(i.GPIO_ReadOutputData) refers to main.o(i.assert_failed) for assert_failed
    n32g030_gpio.o(i.GPIO_ReadOutputData) refers to n32g030_gpio.o(.conststring) for .conststring
    n32g030_gpio.o(i.GPIO_ReadOutputDataBit) refers to main.o(i.assert_failed) for assert_failed
    n32g030_gpio.o(i.GPIO_ReadOutputDataBit) refers to n32g030_gpio.o(.conststring) for .conststring
    n32g030_gpio.o(i.GPIO_ResetBits) refers to main.o(i.assert_failed) for assert_failed
    n32g030_gpio.o(i.GPIO_ResetBits) refers to n32g030_gpio.o(.conststring) for .conststring
    n32g030_gpio.o(i.GPIO_SetBits) refers to main.o(i.assert_failed) for assert_failed
    n32g030_gpio.o(i.GPIO_SetBits) refers to n32g030_gpio.o(.conststring) for .conststring
    n32g030_gpio.o(i.GPIO_TogglePin) refers to main.o(i.assert_failed) for assert_failed
    n32g030_gpio.o(i.GPIO_TogglePin) refers to n32g030_gpio.o(.conststring) for .conststring
    n32g030_gpio.o(i.GPIO_Write) refers to main.o(i.assert_failed) for assert_failed
    n32g030_gpio.o(i.GPIO_Write) refers to n32g030_gpio.o(.conststring) for .conststring
    n32g030_gpio.o(i.GPIO_WriteBit) refers to main.o(i.assert_failed) for assert_failed
    n32g030_gpio.o(i.GPIO_WriteBit) refers to n32g030_gpio.o(.conststring) for .conststring
    n32g030_rcc.o(i.RCC_ClrIntPendingBit) refers to main.o(i.assert_failed) for assert_failed
    n32g030_rcc.o(i.RCC_ClrIntPendingBit) refers to n32g030_rcc.o(.conststring) for .conststring
    n32g030_rcc.o(i.RCC_ConfigAdc1mClk) refers to main.o(i.assert_failed) for assert_failed
    n32g030_rcc.o(i.RCC_ConfigAdc1mClk) refers to n32g030_rcc.o(.conststring) for .conststring
    n32g030_rcc.o(i.RCC_ConfigAdcHclk) refers to main.o(i.assert_failed) for assert_failed
    n32g030_rcc.o(i.RCC_ConfigAdcHclk) refers to n32g030_rcc.o(.conststring) for .conststring
    n32g030_rcc.o(i.RCC_ConfigAdcPllClk) refers to main.o(i.assert_failed) for assert_failed
    n32g030_rcc.o(i.RCC_ConfigAdcPllClk) refers to n32g030_rcc.o(.conststring) for .conststring
    n32g030_rcc.o(i.RCC_ConfigHclk) refers to main.o(i.assert_failed) for assert_failed
    n32g030_rcc.o(i.RCC_ConfigHclk) refers to n32g030_rcc.o(.conststring) for .conststring
    n32g030_rcc.o(i.RCC_ConfigHse) refers to main.o(i.assert_failed) for assert_failed
    n32g030_rcc.o(i.RCC_ConfigHse) refers to n32g030_rcc.o(.conststring) for .conststring
    n32g030_rcc.o(i.RCC_ConfigHsi) refers to main.o(i.assert_failed) for assert_failed
    n32g030_rcc.o(i.RCC_ConfigHsi) refers to n32g030_rcc.o(.conststring) for .conststring
    n32g030_rcc.o(i.RCC_ConfigInt) refers to main.o(i.assert_failed) for assert_failed
    n32g030_rcc.o(i.RCC_ConfigInt) refers to n32g030_rcc.o(.conststring) for .conststring
    n32g030_rcc.o(i.RCC_ConfigLPRUNClk) refers to main.o(i.assert_failed) for assert_failed
    n32g030_rcc.o(i.RCC_ConfigLPRUNClk) refers to n32g030_rcc.o(.conststring) for .conststring
    n32g030_rcc.o(i.RCC_ConfigLPTIMClk) refers to main.o(i.assert_failed) for assert_failed
    n32g030_rcc.o(i.RCC_ConfigLPTIMClk) refers to n32g030_rcc.o(.conststring) for .conststring
    n32g030_rcc.o(i.RCC_ConfigLPUARTClk) refers to main.o(i.assert_failed) for assert_failed
    n32g030_rcc.o(i.RCC_ConfigLPUARTClk) refers to n32g030_rcc.o(.conststring) for .conststring
    n32g030_rcc.o(i.RCC_ConfigLse) refers to main.o(i.assert_failed) for assert_failed
    n32g030_rcc.o(i.RCC_ConfigLse) refers to n32g030_rcc.o(.conststring) for .conststring
    n32g030_rcc.o(i.RCC_ConfigMco) refers to main.o(i.assert_failed) for assert_failed
    n32g030_rcc.o(i.RCC_ConfigMco) refers to n32g030_rcc.o(.conststring) for .conststring
    n32g030_rcc.o(i.RCC_ConfigMcoClkPre) refers to main.o(i.assert_failed) for assert_failed
    n32g030_rcc.o(i.RCC_ConfigMcoClkPre) refers to n32g030_rcc.o(.conststring) for .conststring
    n32g030_rcc.o(i.RCC_ConfigPclk1) refers to main.o(i.assert_failed) for assert_failed
    n32g030_rcc.o(i.RCC_ConfigPclk1) refers to n32g030_rcc.o(.conststring) for .conststring
    n32g030_rcc.o(i.RCC_ConfigPclk2) refers to main.o(i.assert_failed) for assert_failed
    n32g030_rcc.o(i.RCC_ConfigPclk2) refers to n32g030_rcc.o(.conststring) for .conststring
    n32g030_rcc.o(i.RCC_ConfigPll) refers to main.o(i.assert_failed) for assert_failed
    n32g030_rcc.o(i.RCC_ConfigPll) refers to n32g030_rcc.o(.conststring) for .conststring
    n32g030_rcc.o(i.RCC_ConfigRtcClk) refers to main.o(i.assert_failed) for assert_failed
    n32g030_rcc.o(i.RCC_ConfigRtcClk) refers to n32g030_rcc.o(.conststring) for .conststring
    n32g030_rcc.o(i.RCC_ConfigSysclk) refers to main.o(i.assert_failed) for assert_failed
    n32g030_rcc.o(i.RCC_ConfigSysclk) refers to n32g030_rcc.o(.conststring) for .conststring
    n32g030_rcc.o(i.RCC_ConfigTim18Clk) refers to main.o(i.assert_failed) for assert_failed
    n32g030_rcc.o(i.RCC_ConfigTim18Clk) refers to n32g030_rcc.o(.conststring) for .conststring
    n32g030_rcc.o(i.RCC_EnableAHBPeriphClk) refers to main.o(i.assert_failed) for assert_failed
    n32g030_rcc.o(i.RCC_EnableAHBPeriphClk) refers to n32g030_rcc.o(.conststring) for .conststring
    n32g030_rcc.o(i.RCC_EnableAHBPeriphReset) refers to main.o(i.assert_failed) for assert_failed
    n32g030_rcc.o(i.RCC_EnableAHBPeriphReset) refers to n32g030_rcc.o(.conststring) for .conststring
    n32g030_rcc.o(i.RCC_EnableAPB1PeriphClk) refers to main.o(i.assert_failed) for assert_failed
    n32g030_rcc.o(i.RCC_EnableAPB1PeriphClk) refers to n32g030_rcc.o(.conststring) for .conststring
    n32g030_rcc.o(i.RCC_EnableAPB1PeriphReset) refers to main.o(i.assert_failed) for assert_failed
    n32g030_rcc.o(i.RCC_EnableAPB1PeriphReset) refers to n32g030_rcc.o(.conststring) for .conststring
    n32g030_rcc.o(i.RCC_EnableAPB2PeriphClk) refers to main.o(i.assert_failed) for assert_failed
    n32g030_rcc.o(i.RCC_EnableAPB2PeriphClk) refers to n32g030_rcc.o(.conststring) for .conststring
    n32g030_rcc.o(i.RCC_EnableAPB2PeriphReset) refers to main.o(i.assert_failed) for assert_failed
    n32g030_rcc.o(i.RCC_EnableAPB2PeriphReset) refers to n32g030_rcc.o(.conststring) for .conststring
    n32g030_rcc.o(i.RCC_EnableClockSecuritySystem) refers to main.o(i.assert_failed) for assert_failed
    n32g030_rcc.o(i.RCC_EnableClockSecuritySystem) refers to n32g030_rcc.o(.conststring) for .conststring
    n32g030_rcc.o(i.RCC_EnableHsi) refers to main.o(i.assert_failed) for assert_failed
    n32g030_rcc.o(i.RCC_EnableHsi) refers to n32g030_rcc.o(.conststring) for .conststring
    n32g030_rcc.o(i.RCC_EnableLsi) refers to main.o(i.assert_failed) for assert_failed
    n32g030_rcc.o(i.RCC_EnableLsi) refers to n32g030_rcc.o(.conststring) for .conststring
    n32g030_rcc.o(i.RCC_EnablePll) refers to main.o(i.assert_failed) for assert_failed
    n32g030_rcc.o(i.RCC_EnablePll) refers to n32g030_rcc.o(.conststring) for .conststring
    n32g030_rcc.o(i.RCC_EnablePllClockOut) refers to main.o(i.assert_failed) for assert_failed
    n32g030_rcc.o(i.RCC_EnablePllClockOut) refers to n32g030_rcc.o(.conststring) for .conststring
    n32g030_rcc.o(i.RCC_EnableRAMCParityErrorReset) refers to main.o(i.assert_failed) for assert_failed
    n32g030_rcc.o(i.RCC_EnableRAMCParityErrorReset) refers to n32g030_rcc.o(.conststring) for .conststring
    n32g030_rcc.o(i.RCC_EnableRTCReset) refers to main.o(i.assert_failed) for assert_failed
    n32g030_rcc.o(i.RCC_EnableRTCReset) refers to n32g030_rcc.o(.conststring) for .conststring
    n32g030_rcc.o(i.RCC_EnableRtcClk) refers to main.o(i.assert_failed) for assert_failed
    n32g030_rcc.o(i.RCC_EnableRtcClk) refers to n32g030_rcc.o(.conststring) for .conststring
    n32g030_rcc.o(i.RCC_GetClocksFreqValue) refers to uidiv.o(.text) for __aeabi_uidivmod
    n32g030_rcc.o(i.RCC_GetClocksFreqValue) refers to n32g030_rcc.o(.constdata) for s_ApbAhbPresTable
    n32g030_rcc.o(i.RCC_GetFlagStatus) refers to main.o(i.assert_failed) for assert_failed
    n32g030_rcc.o(i.RCC_GetFlagStatus) refers to n32g030_rcc.o(.conststring) for .conststring
    n32g030_rcc.o(i.RCC_GetIntStatus) refers to main.o(i.assert_failed) for assert_failed
    n32g030_rcc.o(i.RCC_GetIntStatus) refers to n32g030_rcc.o(.conststring) for .conststring
    n32g030_rcc.o(i.RCC_SetHsiCalibValue) refers to main.o(i.assert_failed) for assert_failed
    n32g030_rcc.o(i.RCC_SetHsiCalibValue) refers to n32g030_rcc.o(.conststring) for .conststring
    n32g030_rcc.o(i.RCC_WaitHseStable) refers to n32g030_rcc.o(i.RCC_GetFlagStatus) for RCC_GetFlagStatus
    n32g030_rcc.o(i.RCC_WaitHsiStable) refers to n32g030_rcc.o(i.RCC_GetFlagStatus) for RCC_GetFlagStatus
    main.o(i.LedBlink) refers to n32g030_gpio.o(i.GPIO_TogglePin) for GPIO_TogglePin
    main.o(i.LedInit) refers to main.o(i.assert_failed) for assert_failed
    main.o(i.LedInit) refers to n32g030_rcc.o(i.RCC_EnableAPB2PeriphClk) for RCC_EnableAPB2PeriphClk
    main.o(i.LedInit) refers to n32g030_gpio.o(i.GPIO_InitStruct) for GPIO_InitStruct
    main.o(i.LedInit) refers to n32g030_gpio.o(i.GPIO_InitPeripheral) for GPIO_InitPeripheral
    main.o(i.LedOff) refers to n32g030_gpio.o(i.GPIO_ResetBits) for GPIO_ResetBits
    main.o(i.LedOn) refers to n32g030_gpio.o(i.GPIO_SetBits) for GPIO_SetBits
    main.o(i.main) refers to main.o(i.LedInit) for LedInit
    main.o(i.main) refers to main.o(i.LedOn) for LedOn
    main.o(i.main) refers to main.o(i.LedOff) for LedOff
    main.o(i.main) refers to main.o(i.Delay) for Delay
    main.o(i.main) refers to main.o(.data) for B_delay
    entry.o(.ARM.Collect$$$$00000000) refers (Special) to entry10a.o(.ARM.Collect$$$$0000000F) for __rt_final_cpp
    entry.o(.ARM.Collect$$$$00000000) refers (Special) to entry11a.o(.ARM.Collect$$$$00000011) for __rt_final_exit
    entry.o(.ARM.Collect$$$$00000000) refers (Special) to entry12b.o(.ARM.Collect$$$$0000000E) for __rt_lib_shutdown_fini
    entry.o(.ARM.Collect$$$$00000000) refers (Special) to entry7b.o(.ARM.Collect$$$$00000008) for _main_clock
    entry.o(.ARM.Collect$$$$00000000) refers (Special) to entry8b.o(.ARM.Collect$$$$0000000A) for _main_cpp_init
    entry.o(.ARM.Collect$$$$00000000) refers (Special) to entry9a.o(.ARM.Collect$$$$0000000B) for _main_init
    entry.o(.ARM.Collect$$$$00000000) refers (Special) to entry5.o(.ARM.Collect$$$$00000004) for _main_scatterload
    entry.o(.ARM.Collect$$$$00000000) refers (Special) to entry2.o(.ARM.Collect$$$$00000001) for _main_stk
    entry2.o(.ARM.Collect$$$$00000001) refers to entry2.o(.ARM.Collect$$$$00002712) for __lit__00000000
    entry2.o(.ARM.Collect$$$$00002712) refers to startup_n32g030.o(STACK) for __initial_sp
    entry2.o(__vectab_stack_and_reset_area) refers to startup_n32g030.o(STACK) for __initial_sp
    entry2.o(__vectab_stack_and_reset_area) refers to entry.o(.ARM.Collect$$$$00000000) for __main
    entry5.o(.ARM.Collect$$$$00000004) refers to init.o(.text) for __scatterload
    entry9a.o(.ARM.Collect$$$$0000000B) refers to main.o(i.main) for main
    entry9b.o(.ARM.Collect$$$$0000000C) refers to main.o(i.main) for main
    init.o(.text) refers to entry5.o(.ARM.Collect$$$$00000004) for __main_after_scatterload


==============================================================================

Removing Unused input sections from the image.

    Removing startup_n32g030.o(HEAP), (512 bytes).
    Removing system_n32g030.o(.emb_text), (8 bytes).
    Removing system_n32g030.o(i.SystemCoreClockUpdate), (256 bytes).
    Removing system_n32g030.o(.constdata), (16 bytes).
    Removing system_n32g030.o(.data), (4 bytes).
    Removing n32g030_gpio.o(.emb_text), (8 bytes).
    Removing n32g030_gpio.o(i.AFIO_ConfigADCExternalTrigRemap), (388 bytes).
    Removing n32g030_gpio.o(i.AFIO_ConfigSPINSSMode), (152 bytes).
    Removing n32g030_gpio.o(i.GPIO_AFIOInitDefault), (20 bytes).
    Removing n32g030_gpio.o(i.GPIO_ConfigEXTILine), (252 bytes).
    Removing n32g030_gpio.o(i.GPIO_ConfigPinLock), (268 bytes).
    Removing n32g030_gpio.o(i.GPIO_ConfigPinRemap), (372 bytes).
    Removing n32g030_gpio.o(i.GPIO_DeInit), (192 bytes).
    Removing n32g030_gpio.o(i.GPIO_DeInitPin), (500 bytes).
    Removing n32g030_gpio.o(i.GPIO_ReadInputData), (96 bytes).
    Removing n32g030_gpio.o(i.GPIO_ReadInputDataBit), (264 bytes).
    Removing n32g030_gpio.o(i.GPIO_ReadOutputData), (96 bytes).
    Removing n32g030_gpio.o(i.GPIO_ReadOutputDataBit), (264 bytes).
    Removing n32g030_gpio.o(i.GPIO_TogglePin), (188 bytes).
    Removing n32g030_gpio.o(i.GPIO_Write), (96 bytes).
    Removing n32g030_gpio.o(i.GPIO_WriteBit), (308 bytes).
    Removing n32g030_rcc.o(.emb_text), (8 bytes).
    Removing n32g030_rcc.o(i.RCC_ClrFlag), (28 bytes).
    Removing n32g030_rcc.o(i.RCC_ClrIntPendingBit), (112 bytes).
    Removing n32g030_rcc.o(i.RCC_ConfigAdc1mClk), (428 bytes).
    Removing n32g030_rcc.o(i.RCC_ConfigAdcHclk), (140 bytes).
    Removing n32g030_rcc.o(i.RCC_ConfigAdcPllClk), (288 bytes).
    Removing n32g030_rcc.o(i.RCC_ConfigHclk), (124 bytes).
    Removing n32g030_rcc.o(i.RCC_ConfigHse), (148 bytes).
    Removing n32g030_rcc.o(i.RCC_ConfigHsi), (92 bytes).
    Removing n32g030_rcc.o(i.RCC_ConfigInt), (156 bytes).
    Removing n32g030_rcc.o(i.RCC_ConfigLPRUNClk), (104 bytes).
    Removing n32g030_rcc.o(i.RCC_ConfigLPTIMClk), (136 bytes).
    Removing n32g030_rcc.o(i.RCC_ConfigLPUARTClk), (100 bytes).
    Removing n32g030_rcc.o(i.RCC_ConfigLse), (116 bytes).
    Removing n32g030_rcc.o(i.RCC_ConfigMco), (104 bytes).
    Removing n32g030_rcc.o(i.RCC_ConfigMcoClkPre), (196 bytes).
    Removing n32g030_rcc.o(i.RCC_ConfigPclk1), (120 bytes).
    Removing n32g030_rcc.o(i.RCC_ConfigPclk2), (120 bytes).
    Removing n32g030_rcc.o(i.RCC_ConfigPll), (492 bytes).
    Removing n32g030_rcc.o(i.RCC_ConfigRtcClk), (100 bytes).
    Removing n32g030_rcc.o(i.RCC_ConfigSysclk), (104 bytes).
    Removing n32g030_rcc.o(i.RCC_ConfigTim18Clk), (104 bytes).
    Removing n32g030_rcc.o(i.RCC_DeInit), (92 bytes).
    Removing n32g030_rcc.o(i.RCC_EnableAHBPeriphClk), (160 bytes).
    Removing n32g030_rcc.o(i.RCC_EnableAHBPeriphReset), (164 bytes).
    Removing n32g030_rcc.o(i.RCC_EnableAPB1PeriphClk), (160 bytes).
    Removing n32g030_rcc.o(i.RCC_EnableAPB1PeriphReset), (168 bytes).
    Removing n32g030_rcc.o(i.RCC_EnableAPB2PeriphReset), (160 bytes).
    Removing n32g030_rcc.o(i.RCC_EnableClockSecuritySystem), (100 bytes).
    Removing n32g030_rcc.o(i.RCC_EnableHsi), (96 bytes).
    Removing n32g030_rcc.o(i.RCC_EnableLsi), (96 bytes).
    Removing n32g030_rcc.o(i.RCC_EnablePll), (96 bytes).
    Removing n32g030_rcc.o(i.RCC_EnablePllClockOut), (96 bytes).
    Removing n32g030_rcc.o(i.RCC_EnableRAMCParityErrorReset), (100 bytes).
    Removing n32g030_rcc.o(i.RCC_EnableRTCReset), (100 bytes).
    Removing n32g030_rcc.o(i.RCC_EnableRtcClk), (96 bytes).
    Removing n32g030_rcc.o(i.RCC_GetClocksFreqValue), (384 bytes).
    Removing n32g030_rcc.o(i.RCC_GetFlagStatus), (172 bytes).
    Removing n32g030_rcc.o(i.RCC_GetIntStatus), (104 bytes).
    Removing n32g030_rcc.o(i.RCC_GetLPRUNClkSrc), (16 bytes).
    Removing n32g030_rcc.o(i.RCC_GetLPTIMClkSrc), (16 bytes).
    Removing n32g030_rcc.o(i.RCC_GetLPUARTClkSrc), (20 bytes).
    Removing n32g030_rcc.o(i.RCC_GetRTCClkSrc), (16 bytes).
    Removing n32g030_rcc.o(i.RCC_GetSysclkSrc), (20 bytes).
    Removing n32g030_rcc.o(i.RCC_SetHsiCalibValue), (96 bytes).
    Removing n32g030_rcc.o(i.RCC_WaitHseStable), (60 bytes).
    Removing n32g030_rcc.o(i.RCC_WaitHsiStable), (60 bytes).
    Removing n32g030_rcc.o(.constdata), (64 bytes).
    Removing main.o(.emb_text), (8 bytes).
    Removing main.o(i.LedBlink), (16 bytes).
    Removing n32g030_it.o(.emb_text), (8 bytes).
    Removing n32g030_it.o(i.DMA_IRQ_HANDLER), (2 bytes).

73 unused section(s) (total 10326 bytes) removed from the image.

==============================================================================

Image Symbol Table

    Local Symbols

    Symbol Name                              Value     Ov Type        Size  Object(Section)

    ../clib/microlib/division.c              0x00000000   Number         0  uidiv.o ABSOLUTE
    ../clib/microlib/init/entry.s            0x00000000   Number         0  entry8b.o ABSOLUTE
    ../clib/microlib/init/entry.s            0x00000000   Number         0  entry7b.o ABSOLUTE
    ../clib/microlib/init/entry.s            0x00000000   Number         0  entry8a.o ABSOLUTE
    ../clib/microlib/init/entry.s            0x00000000   Number         0  entry12b.o ABSOLUTE
    ../clib/microlib/init/entry.s            0x00000000   Number         0  entry.o ABSOLUTE
    ../clib/microlib/init/entry.s            0x00000000   Number         0  entry11b.o ABSOLUTE
    ../clib/microlib/init/entry.s            0x00000000   Number         0  entry11a.o ABSOLUTE
    ../clib/microlib/init/entry.s            0x00000000   Number         0  entry2.o ABSOLUTE
    ../clib/microlib/init/entry.s            0x00000000   Number         0  entry5.o ABSOLUTE
    ../clib/microlib/init/entry.s            0x00000000   Number         0  entry7a.o ABSOLUTE
    ../clib/microlib/init/entry.s            0x00000000   Number         0  entry10b.o ABSOLUTE
    ../clib/microlib/init/entry.s            0x00000000   Number         0  entry10a.o ABSOLUTE
    ../clib/microlib/init/entry.s            0x00000000   Number         0  entry9b.o ABSOLUTE
    ../clib/microlib/init/entry.s            0x00000000   Number         0  entry12a.o ABSOLUTE
    ../clib/microlib/init/entry.s            0x00000000   Number         0  entry9a.o ABSOLUTE
    ..\..\..\..\..\..\firmware\CMSIS\device\startup\startup_n32g030.s 0x00000000   Number         0  startup_n32g030.o ABSOLUTE
    ..\..\..\..\..\..\firmware\CMSIS\device\system_n32g030.c 0x00000000   Number         0  system_n32g030.o ABSOLUTE
    ..\..\..\..\..\..\firmware\n32g030_std_periph_driver\src\n32g030_gpio.c 0x00000000   Number         0  n32g030_gpio.o ABSOLUTE
    ..\..\..\..\..\..\firmware\n32g030_std_periph_driver\src\n32g030_rcc.c 0x00000000   Number         0  n32g030_rcc.o ABSOLUTE
    ..\\..\\..\\..\\..\\..\\firmware\\CMSIS\\device\\system_n32g030.c 0x00000000   Number         0  system_n32g030.o ABSOLUTE
    ..\\..\\..\\..\\..\\..\\firmware\\n32g030_std_periph_driver\\src\\n32g030_gpio.c 0x00000000   Number         0  n32g030_gpio.o ABSOLUTE
    ..\\..\\..\\..\\..\\..\\firmware\\n32g030_std_periph_driver\\src\\n32g030_rcc.c 0x00000000   Number         0  n32g030_rcc.o ABSOLUTE
    ..\\src\\main.c                          0x00000000   Number         0  main.o ABSOLUTE
    ..\\src\\n32g030_it.c                    0x00000000   Number         0  n32g030_it.o ABSOLUTE
    ..\src\main.c                            0x00000000   Number         0  main.o ABSOLUTE
    ..\src\n32g030_it.c                      0x00000000   Number         0  n32g030_it.o ABSOLUTE
    dc.s                                     0x00000000   Number         0  dc.o ABSOLUTE
    handlers.s                               0x00000000   Number         0  handlers.o ABSOLUTE
    init.s                                   0x00000000   Number         0  init.o ABSOLUTE
    RESET                                    0x08000000   Section      192  startup_n32g030.o(RESET)
    .ARM.Collect$$$$00000000                 0x080000c0   Section        0  entry.o(.ARM.Collect$$$$00000000)
    .ARM.Collect$$$$00000001                 0x080000c0   Section        4  entry2.o(.ARM.Collect$$$$00000001)
    .ARM.Collect$$$$00000004                 0x080000c4   Section        4  entry5.o(.ARM.Collect$$$$00000004)
    .ARM.Collect$$$$00000008                 0x080000c8   Section        0  entry7b.o(.ARM.Collect$$$$00000008)
    .ARM.Collect$$$$0000000A                 0x080000c8   Section        0  entry8b.o(.ARM.Collect$$$$0000000A)
    .ARM.Collect$$$$0000000B                 0x080000c8   Section        8  entry9a.o(.ARM.Collect$$$$0000000B)
    .ARM.Collect$$$$0000000E                 0x080000d0   Section        4  entry12b.o(.ARM.Collect$$$$0000000E)
    .ARM.Collect$$$$0000000F                 0x080000d4   Section        0  entry10a.o(.ARM.Collect$$$$0000000F)
    .ARM.Collect$$$$00000011                 0x080000d4   Section        0  entry11a.o(.ARM.Collect$$$$00000011)
    .ARM.Collect$$$$00002712                 0x080000d4   Section        4  entry2.o(.ARM.Collect$$$$00002712)
    __lit__00000000                          0x080000d4   Data           4  entry2.o(.ARM.Collect$$$$00002712)
    .text                                    0x080000d8   Section       28  startup_n32g030.o(.text)
    .text                                    0x080000f4   Section       36  init.o(.text)
    i.Delay                                  0x08000118   Section        0  main.o(i.Delay)
    i.GPIO_InitPeripheral                    0x08000124   Section        0  n32g030_gpio.o(i.GPIO_InitPeripheral)
    i.GPIO_InitStruct                        0x080005b8   Section        0  n32g030_gpio.o(i.GPIO_InitStruct)
    i.GPIO_ResetBits                         0x080005d4   Section        0  n32g030_gpio.o(i.GPIO_ResetBits)
    i.GPIO_SetBits                           0x080006cc   Section        0  n32g030_gpio.o(i.GPIO_SetBits)
    i.HardFault_Handler                      0x080007c4   Section        0  n32g030_it.o(i.HardFault_Handler)
    i.LedInit                                0x080007c8   Section        0  main.o(i.LedInit)
    i.LedOff                                 0x08000898   Section        0  main.o(i.LedOff)
    i.LedOn                                  0x080008a8   Section        0  main.o(i.LedOn)
    i.NMI_Handler                            0x080008b8   Section        0  n32g030_it.o(i.NMI_Handler)
    i.PendSV_Handler                         0x080008ba   Section        0  n32g030_it.o(i.PendSV_Handler)
    i.RCC_EnableAPB2PeriphClk                0x080008bc   Section        0  n32g030_rcc.o(i.RCC_EnableAPB2PeriphClk)
    i.SVC_Handler                            0x0800095c   Section        0  n32g030_it.o(i.SVC_Handler)
    i.SetSysClock                            0x08000960   Section        0  system_n32g030.o(i.SetSysClock)
    SetSysClock                              0x08000961   Thumb Code   214  system_n32g030.o(i.SetSysClock)
    i.SysTick_Handler                        0x08000a48   Section        0  n32g030_it.o(i.SysTick_Handler)
    i.SystemInit                             0x08000a4c   Section        0  system_n32g030.o(i.SystemInit)
    i.__scatterload_copy                     0x08000ac0   Section       14  handlers.o(i.__scatterload_copy)
    i.__scatterload_null                     0x08000ace   Section        2  handlers.o(i.__scatterload_null)
    i.__scatterload_zeroinit                 0x08000ad0   Section       14  handlers.o(i.__scatterload_zeroinit)
    i.assert_failed                          0x08000ade   Section        0  main.o(i.assert_failed)
    i.main                                   0x08000ae4   Section        0  main.o(i.main)
    .conststring                             0x08000b40   Section       72  n32g030_gpio.o(.conststring)
    .conststring                             0x08000b88   Section       71  n32g030_rcc.o(.conststring)
    .data                                    0x20000000   Section        4  main.o(.data)
    STACK                                    0x20000008   Section     1024  startup_n32g030.o(STACK)

    Global Symbols

    Symbol Name                              Value     Ov Type        Size  Object(Section)

    BuildAttributes$$THM_ISAv3M$S$PE$A:L22$X:L11$S22$IEEE1$IW$USESV6$~STKCKD$USESV7$~SHL$OSPACE$EBA8$MICROLIB$REQ8$PRES8$EABIv2 0x00000000   Number         0  anon$$obj.o ABSOLUTE
    __ARM_use_no_argv                        0x00000000   Number         0  main.o ABSOLUTE
    __arm_fini_                               - Undefined Weak Reference
    __cpp_initialize__aeabi_                  - Undefined Weak Reference
    __cxa_finalize                            - Undefined Weak Reference
    __decompress                              - Undefined Weak Reference
    _clock_init                               - Undefined Weak Reference
    _microlib_exit                            - Undefined Weak Reference
    __Vectors_Size                           0x000000c0   Number         0  startup_n32g030.o ABSOLUTE
    __Vectors                                0x08000000   Data           4  startup_n32g030.o(RESET)
    __Vectors_End                            0x080000c0   Data           0  startup_n32g030.o(RESET)
    __main                                   0x080000c1   Thumb Code     0  entry.o(.ARM.Collect$$$$00000000)
    _main_stk                                0x080000c1   Thumb Code     0  entry2.o(.ARM.Collect$$$$00000001)
    _main_scatterload                        0x080000c5   Thumb Code     0  entry5.o(.ARM.Collect$$$$00000004)
    __main_after_scatterload                 0x080000c9   Thumb Code     0  entry5.o(.ARM.Collect$$$$00000004)
    _main_clock                              0x080000c9   Thumb Code     0  entry7b.o(.ARM.Collect$$$$00000008)
    _main_cpp_init                           0x080000c9   Thumb Code     0  entry8b.o(.ARM.Collect$$$$0000000A)
    _main_init                               0x080000c9   Thumb Code     0  entry9a.o(.ARM.Collect$$$$0000000B)
    __rt_lib_shutdown_fini                   0x080000d1   Thumb Code     0  entry12b.o(.ARM.Collect$$$$0000000E)
    __rt_final_cpp                           0x080000d5   Thumb Code     0  entry10a.o(.ARM.Collect$$$$0000000F)
    __rt_final_exit                          0x080000d5   Thumb Code     0  entry11a.o(.ARM.Collect$$$$00000011)
    Reset_Handler                            0x080000d9   Thumb Code     8  startup_n32g030.o(.text)
    ADC_IRQHandler                           0x080000eb   Thumb Code     0  startup_n32g030.o(.text)
    COMP_IRQHandler                          0x080000eb   Thumb Code     0  startup_n32g030.o(.text)
    DMA_Channel1_2_3_4_IRQHandler            0x080000eb   Thumb Code     0  startup_n32g030.o(.text)
    DMA_Channel1_2_IRQHandler                0x080000eb   Thumb Code     0  startup_n32g030.o(.text)
    DMA_Channel3_4_IRQHandler                0x080000eb   Thumb Code     0  startup_n32g030.o(.text)
    DMA_Channel5_IRQHandler                  0x080000eb   Thumb Code     0  startup_n32g030.o(.text)
    EXTI0_1_IRQHandler                       0x080000eb   Thumb Code     0  startup_n32g030.o(.text)
    EXTI2_3_IRQHandler                       0x080000eb   Thumb Code     0  startup_n32g030.o(.text)
    EXTI4_15_IRQHandler                      0x080000eb   Thumb Code     0  startup_n32g030.o(.text)
    FLASH_IRQHandler                         0x080000eb   Thumb Code     0  startup_n32g030.o(.text)
    HDIV_SQRT_IRQHandler                     0x080000eb   Thumb Code     0  startup_n32g030.o(.text)
    I2C1_IRQHandler                          0x080000eb   Thumb Code     0  startup_n32g030.o(.text)
    I2C2_IRQHandler                          0x080000eb   Thumb Code     0  startup_n32g030.o(.text)
    LPTIM_TIM6_IRQHandler                    0x080000eb   Thumb Code     0  startup_n32g030.o(.text)
    LPUART_IRQHandler                        0x080000eb   Thumb Code     0  startup_n32g030.o(.text)
    MMU_IRQHandler                           0x080000eb   Thumb Code     0  startup_n32g030.o(.text)
    PVD_IRQHandler                           0x080000eb   Thumb Code     0  startup_n32g030.o(.text)
    RAMC_PERR_IRQHandler                     0x080000eb   Thumb Code     0  startup_n32g030.o(.text)
    RCC_IRQHandler                           0x080000eb   Thumb Code     0  startup_n32g030.o(.text)
    RESERVE9_IRQHandler                      0x080000eb   Thumb Code     0  startup_n32g030.o(.text)
    RTC_IRQHandler                           0x080000eb   Thumb Code     0  startup_n32g030.o(.text)
    SPI1_IRQHandler                          0x080000eb   Thumb Code     0  startup_n32g030.o(.text)
    SPI2_IRQHandler                          0x080000eb   Thumb Code     0  startup_n32g030.o(.text)
    TIM1_BRK_UP_TRG_COM_IRQHandler           0x080000eb   Thumb Code     0  startup_n32g030.o(.text)
    TIM1_CC_IRQHandler                       0x080000eb   Thumb Code     0  startup_n32g030.o(.text)
    TIM3_IRQHandler                          0x080000eb   Thumb Code     0  startup_n32g030.o(.text)
    TIM8_BRK_UP_TRG_COM_IRQHandler           0x080000eb   Thumb Code     0  startup_n32g030.o(.text)
    TIM8_CC_IRQHandler                       0x080000eb   Thumb Code     0  startup_n32g030.o(.text)
    USART1_2_IRQHandler                      0x080000eb   Thumb Code     0  startup_n32g030.o(.text)
    USART1_IRQHandler                        0x080000eb   Thumb Code     0  startup_n32g030.o(.text)
    USART2_IRQHandler                        0x080000eb   Thumb Code     0  startup_n32g030.o(.text)
    WWDG_IRQHandler                          0x080000eb   Thumb Code     0  startup_n32g030.o(.text)
    __scatterload                            0x080000f5   Thumb Code    28  init.o(.text)
    __scatterload_rt2                        0x080000f5   Thumb Code     0  init.o(.text)
    Delay                                    0x08000119   Thumb Code    10  main.o(i.Delay)
    GPIO_InitPeripheral                      0x08000125   Thumb Code   810  n32g030_gpio.o(i.GPIO_InitPeripheral)
    GPIO_InitStruct                          0x080005b9   Thumb Code    24  n32g030_gpio.o(i.GPIO_InitStruct)
    GPIO_ResetBits                           0x080005d5   Thumb Code   158  n32g030_gpio.o(i.GPIO_ResetBits)
    GPIO_SetBits                             0x080006cd   Thumb Code   158  n32g030_gpio.o(i.GPIO_SetBits)
    HardFault_Handler                        0x080007c5   Thumb Code     4  n32g030_it.o(i.HardFault_Handler)
    LedInit                                  0x080007c9   Thumb Code   142  main.o(i.LedInit)
    LedOff                                   0x08000899   Thumb Code    16  main.o(i.LedOff)
    LedOn                                    0x080008a9   Thumb Code    16  main.o(i.LedOn)
    NMI_Handler                              0x080008b9   Thumb Code     2  n32g030_it.o(i.NMI_Handler)
    PendSV_Handler                           0x080008bb   Thumb Code     2  n32g030_it.o(i.PendSV_Handler)
    RCC_EnableAPB2PeriphClk                  0x080008bd   Thumb Code    80  n32g030_rcc.o(i.RCC_EnableAPB2PeriphClk)
    SVC_Handler                              0x0800095d   Thumb Code     2  n32g030_it.o(i.SVC_Handler)
    SysTick_Handler                          0x08000a49   Thumb Code     2  n32g030_it.o(i.SysTick_Handler)
    SystemInit                               0x08000a4d   Thumb Code    94  system_n32g030.o(i.SystemInit)
    __scatterload_copy                       0x08000ac1   Thumb Code    14  handlers.o(i.__scatterload_copy)
    __scatterload_null                       0x08000acf   Thumb Code     2  handlers.o(i.__scatterload_null)
    __scatterload_zeroinit                   0x08000ad1   Thumb Code    14  handlers.o(i.__scatterload_zeroinit)
    assert_failed                            0x08000adf   Thumb Code     4  main.o(i.assert_failed)
    main                                     0x08000ae5   Thumb Code    84  main.o(i.main)
    Region$$Table$$Base                      0x08000bd0   Number         0  anon$$obj.o(Region$$Table)
    Region$$Table$$Limit                     0x08000bf0   Number         0  anon$$obj.o(Region$$Table)
    B_delay                                  0x20000000   Data           4  main.o(.data)
    __initial_sp                             0x20000408   Data           0  startup_n32g030.o(STACK)



==============================================================================

Memory Map of the image

  Image Entry point : 0x080000c1

  Load Region LR_IROM1 (Base: 0x08000000, Size: 0x00000bf4, Max: 0x00200000, ABSOLUTE)

    Execution Region ER_IROM1 (Exec base: 0x08000000, Load base: 0x08000000, Size: 0x00000bf0, Max: 0x00200000, ABSOLUTE)

    Exec Addr    Load Addr    Size         Type   Attr      Idx    E Section Name        Object

    0x08000000   0x08000000   0x000000c0   Data   RO            3    RESET               startup_n32g030.o
    0x080000c0   0x080000c0   0x00000000   Code   RO          673  * .ARM.Collect$$$$00000000  mc_p.l(entry.o)
    0x080000c0   0x080000c0   0x00000004   Code   RO          678    .ARM.Collect$$$$00000001  mc_p.l(entry2.o)
    0x080000c4   0x080000c4   0x00000004   Code   RO          681    .ARM.Collect$$$$00000004  mc_p.l(entry5.o)
    0x080000c8   0x080000c8   0x00000000   Code   RO          683    .ARM.Collect$$$$00000008  mc_p.l(entry7b.o)
    0x080000c8   0x080000c8   0x00000000   Code   RO          685    .ARM.Collect$$$$0000000A  mc_p.l(entry8b.o)
    0x080000c8   0x080000c8   0x00000008   Code   RO          686    .ARM.Collect$$$$0000000B  mc_p.l(entry9a.o)
    0x080000d0   0x080000d0   0x00000004   Code   RO          693    .ARM.Collect$$$$0000000E  mc_p.l(entry12b.o)
    0x080000d4   0x080000d4   0x00000000   Code   RO          688    .ARM.Collect$$$$0000000F  mc_p.l(entry10a.o)
    0x080000d4   0x080000d4   0x00000000   Code   RO          690    .ARM.Collect$$$$00000011  mc_p.l(entry11a.o)
    0x080000d4   0x080000d4   0x00000004   Code   RO          679    .ARM.Collect$$$$00002712  mc_p.l(entry2.o)
    0x080000d8   0x080000d8   0x0000001c   Code   RO            4    .text               startup_n32g030.o
    0x080000f4   0x080000f4   0x00000024   Code   RO          694    .text               mc_p.l(init.o)
    0x08000118   0x08000118   0x0000000a   Code   RO          563    i.Delay             main.o
    0x08000122   0x08000122   0x00000002   PAD
    0x08000124   0x08000124   0x00000494   Code   RO          147    i.GPIO_InitPeripheral  n32g030_gpio.o
    0x080005b8   0x080005b8   0x0000001c   Code   RO          148    i.GPIO_InitStruct   n32g030_gpio.o
    0x080005d4   0x080005d4   0x000000f8   Code   RO          153    i.GPIO_ResetBits    n32g030_gpio.o
    0x080006cc   0x080006cc   0x000000f8   Code   RO          154    i.GPIO_SetBits      n32g030_gpio.o
    0x080007c4   0x080007c4   0x00000004   Code   RO          626    i.HardFault_Handler  n32g030_it.o
    0x080007c8   0x080007c8   0x000000d0   Code   RO          565    i.LedInit           main.o
    0x08000898   0x08000898   0x00000010   Code   RO          566    i.LedOff            main.o
    0x080008a8   0x080008a8   0x00000010   Code   RO          567    i.LedOn             main.o
    0x080008b8   0x080008b8   0x00000002   Code   RO          627    i.NMI_Handler       n32g030_it.o
    0x080008ba   0x080008ba   0x00000002   Code   RO          628    i.PendSV_Handler    n32g030_it.o
    0x080008bc   0x080008bc   0x000000a0   Code   RO          294    i.RCC_EnableAPB2PeriphClk  n32g030_rcc.o
    0x0800095c   0x0800095c   0x00000002   Code   RO          629    i.SVC_Handler       n32g030_it.o
    0x0800095e   0x0800095e   0x00000002   PAD
    0x08000960   0x08000960   0x000000e8   Code   RO           11    i.SetSysClock       system_n32g030.o
    0x08000a48   0x08000a48   0x00000002   Code   RO          630    i.SysTick_Handler   n32g030_it.o
    0x08000a4a   0x08000a4a   0x00000002   PAD
    0x08000a4c   0x08000a4c   0x00000074   Code   RO           13    i.SystemInit        system_n32g030.o
    0x08000ac0   0x08000ac0   0x0000000e   Code   RO          698    i.__scatterload_copy  mc_p.l(handlers.o)
    0x08000ace   0x08000ace   0x00000002   Code   RO          699    i.__scatterload_null  mc_p.l(handlers.o)
    0x08000ad0   0x08000ad0   0x0000000e   Code   RO          700    i.__scatterload_zeroinit  mc_p.l(handlers.o)
    0x08000ade   0x08000ade   0x00000004   Code   RO          568    i.assert_failed     main.o
    0x08000ae2   0x08000ae2   0x00000002   PAD
    0x08000ae4   0x08000ae4   0x0000005c   Code   RO          569    i.main              main.o
    0x08000b40   0x08000b40   0x00000048   Data   RO          158    .conststring        n32g030_gpio.o
    0x08000b88   0x08000b88   0x00000047   Data   RO          316    .conststring        n32g030_rcc.o
    0x08000bcf   0x08000bcf   0x00000001   PAD
    0x08000bd0   0x08000bd0   0x00000020   Data   RO          696    Region$$Table       anon$$obj.o


    Execution Region RW_IRAM1 (Exec base: 0x20000000, Load base: 0x08000bf0, Size: 0x00000408, Max: 0x00002000, ABSOLUTE)

    Exec Addr    Load Addr    Size         Type   Attr      Idx    E Section Name        Object

    0x20000000   0x08000bf0   0x00000004   Data   RW          570    .data               main.o
    0x20000004   0x08000bf4   0x00000004   PAD
    0x20000008        -       0x00000400   Zero   RW            1    STACK               startup_n32g030.o


==============================================================================

Image component sizes


      Code (inc. data)   RO Data    RW Data    ZI Data      Debug   Object Name

       346         74          0          4          0       4064   main.o
      1696        546         72          0          0       4188   n32g030_gpio.o
        12          0          0          0          0       2343   n32g030_it.o
       160         80         71          0          0        758   n32g030_rcc.o
        28          8        192          0       1024        780   startup_n32g030.o
       348         40          0          0          0     185213   system_n32g030.o

    ----------------------------------------------------------------------
      2598        748        368          4       1028     197346   Object Totals
         0          0         32          0          0          0   (incl. Generated)
         8          0          1          0          4          0   (incl. Padding)

    ----------------------------------------------------------------------

      Code (inc. data)   RO Data    RW Data    ZI Data      Debug   Library Member Name

         0          0          0          0          0          0   entry.o
         0          0          0          0          0          0   entry10a.o
         0          0          0          0          0          0   entry11a.o
         4          0          0          0          0          0   entry12b.o
         8          4          0          0          0          0   entry2.o
         4          0          0          0          0          0   entry5.o
         0          0          0          0          0          0   entry7b.o
         0          0          0          0          0          0   entry8b.o
         8          4          0          0          0          0   entry9a.o
        30          0          0          0          0          0   handlers.o
        36          8          0          0          0         68   init.o

    ----------------------------------------------------------------------
        90         16          0          0          0         68   Library Totals
         0          0          0          0          0          0   (incl. Padding)

    ----------------------------------------------------------------------

      Code (inc. data)   RO Data    RW Data    ZI Data      Debug   Library Name

        90         16          0          0          0         68   mc_p.l

    ----------------------------------------------------------------------
        90         16          0          0          0         68   Library Totals

    ----------------------------------------------------------------------

==============================================================================


      Code (inc. data)   RO Data    RW Data    ZI Data      Debug   

      2688        764        368          4       1028     196950   Grand Totals
      2688        764        368          4       1028     196950   ELF Image Totals
      2688        764        368          4          0          0   ROM Totals

==============================================================================

    Total RO  Size (Code + RO Data)                 3056 (   2.98kB)
    Total RW  Size (RW Data + ZI Data)              1032 (   1.01kB)
    Total ROM Size (Code + RO Data + RW Data)       3060 (   2.99kB)

==============================================================================

